ERROR: Value of 'size' attribute on <span> tag on line 1 could not be parsed; should be an integer, or a string such as 'small', not 'blue'