ERROR: 'all' is not a valid value for the 'show' attribute on <span> tag, line 1; valid values are none/spaces/line-breaks/ignorables or combinations with |