ERROR: 'blue' is not a valid value for the 'gravity_hint' attribute on <span> tag, line 1; valid values are natural/strong/line