ERROR: 'dotted' is not a valid value for the 'underline' attribute on <span> tag, line 1; valid values are none/single/double/low/error/single-line/double-line/error-line