ERROR: 'ultra' is not a valid value for the 'stretch' attribute on <span> tag, line 1; valid values are for example 'condensed', 'ultraexpanded', 'normal'