ERROR: Value of 'alpha' attribute on <span> tag on line 1 could not be parsed; should be between 0 and 65536 or a percentage, not 'seethru'