ERROR: Value of 'letter_spacing' attribute on <span> tag on line 1 could not be parsed; should be an integer, not '9999999999999'