ERROR: 'funny' is not a valid value for the 'style' attribute on <span> tag, line 1; valid values are 'normal', 'oblique', 'italic'