ERROR: Attribute 'weight' occurs twice on <span> tag on line 1 char 44, may only occur once