ERROR: Value of 'overline_color' attribute on <span> tag on line 1 could not be parsed; should be a color specification, not 'rgb(1,2,3)'