test


---

range 0 4
0 4 rise 2560
range 4 2147483647


---

[0:4] (null) Normal
[4:2147483647] (null) Normal
