Text
Text


---

range 0 4
0 4 underline-color #222233334444
range 4 5
range 5 9
5 9 strikethrough-color #222233334444
range 9 2147483647


---

[0:4] (null) Normal
[4:5] (null) Normal
[5:9] (null) Normal
[9:2147483647] (null) Normal
