Blue text


---

range 0 9
0 9 font-features "kern 0, dlig, lnum 1, -pnum"
range 9 2147483647


---

[0:9] (null) Normal
[9:2147483647] (null) Normal
