Blue text is cool!


---

range 0 9
[0 9] scale 2.000000
[0 9] foreground #00000000ffff
range 9 13
range 13 17
[13 17] style 2
range 17 2147483647


---

[0:9] (null) Normal 0
[9:13] (null) Normal 0
[13:17] (null) Italic 0
[17:2147483647] (null) Italic 0
