some line breaks and mis­ce­llaneous ig﻿nora‌bles

--- parameters

wrapped: 1
ellipsized: 0
lines: 3

--- attributes

range 0 57
[0,57]show=7
range 57 2147483647

--- directions

0 0 0 0 0 0 0 0 0 0 0 0 0 0 0 0 0 0 0 0 0 0 0 0 0 0 0 0 0 0 0 0 0 0 0 0 0 0 0 0 0 0 0 0 0 0 0 0 0 0 

--- cursor positions

0(0) 1(0) 2(0) 3(0) 4(0) 5(0) 6(0) 7(0) 8(0) 9(0) 10(0) 11(0) 12(0) 13(0) 14(0) 15(0) 16(0) 16(1) 20(0) 21(0) 22(0) 23(0) 24(0) 25(0) 26(0) 28(0) 29(0) 30(0) 32(0) 33(0) 34(0) 35(0) 36(0) 37(0) 38(0) 39(0) 40(0) 41(0) 42(0) 43(0) 46(0) 47(0) 48(0) 49(0) 53(0) 54(0) 55(0) 56(0) 56(1) 58(0) 

--- lines

i=1, index=0, paragraph-start=1, dir=ltr 'some line breaks '
i=2, index=19, paragraph-start=0, dir=ltr 'and mis­ce­llaneous ig﻿nora‌bles
'
i=3, index=58, paragraph-start=1, dir=ltr ''

--- runs

i=1, index=0, chars=16, level=0, gravity=south, flags=0, font=OMITTED, script=latin, language=en-us, 'some line breaks'
[0,57]show=7
i=2, index=16, chars=1, level=0, gravity=south, flags=0, font=OMITTED, script=latin, language=en-us, ' '
[0,57]show=7
i=3, index=19, no run, line end
i=4, index=19, chars=32, level=0, gravity=south, flags=0, font=OMITTED, script=latin, language=en-us, 'and mis­ce­llaneous ig﻿nora‌bles'
[0,57]show=7
i=5, index=57, no run, line end
i=6, index=58, no run, line end
