test the blue drink after dinner

--- parameters

wrapped: 0
ellipsized: 0
lines: 2

--- attributes

range 0 9
range 9 13
[9,13]style=2
range 13 20
range 20 25
[20,25]underline=1
range 25 2147483647

--- directions

0 0 0 0 0 0 0 0 0 0 0 0 0 0 0 0 0 0 0 0 0 0 0 0 0 0 0 0 0 0 0 0 0 

--- cursor positions

0(0) 1(0) 2(0) 3(0) 4(0) 5(0) 6(0) 7(0) 8(0) 9(0) 10(0) 11(0) 12(0) 13(0) 14(0) 15(0) 16(0) 17(0) 18(0) 19(0) 20(0) 21(0) 22(0) 23(0) 24(0) 25(0) 26(0) 27(0) 28(0) 29(0) 30(0) 31(0) 31(1) 33(0) 

--- lines

i=1, index=0, paragraph-start=1, dir=ltr 'test the blue drink after dinner
'
i=2, index=33, paragraph-start=1, dir=ltr ''

--- runs

i=1, index=0, chars=9, level=0, gravity=south, flags=0, font=OMITTED, script=latin, language=en-us, 'test the '
i=2, index=9, chars=4, level=0, gravity=south, flags=0, font=OMITTED, script=latin, language=en-us, 'blue'
i=3, index=13, chars=7, level=0, gravity=south, flags=0, font=OMITTED, script=latin, language=en-us, ' drink '
i=4, index=20, chars=5, level=0, gravity=south, flags=0, font=OMITTED, script=latin, language=en-us, 'after'
[20,25]underline=1
i=5, index=25, chars=7, level=0, gravity=south, flags=0, font=OMITTED, script=latin, language=en-us, ' dinner'
i=6, index=32, no run, line end
i=7, index=33, no run, line end
