<span font="Cantarell 11" fallback="false">عַرַبִ</span>

Items:  عַرַبִ       
Chars:  6(0)               
Font:   Cantarell 11       
Script: arabic             
Lang:   ar                 
Bidi:   1                  
Attrs:  0 12 fallback false
