Text:         ⁦म⁩ ⁦ी⁩  [ ]  ⁦क⁩ ⁦ा⁩ ⁦च⁩  [ ]  ⁦ख⁩ ⁦ा⁩ ⁦ऊ⁩  [ ]  ⁦श⁩ ⁦क⁩ ⁦त⁩ ⁦ो⁩  ⁦,⁩ [ ]  ⁦म⁩ ⁦ल⁩ ⁦ा⁩  [ ]  ⁦त⁩ ⁦े⁩  [ ]  ⁦द⁩ ⁦ु⁩ ⁦ख⁩ ⁦त⁩  [ ]  ⁦न⁩ ⁦ा⁩ ⁦ह⁩  [0x0a]  ⁦म⁩ ⁦ै⁩ ⁦ं⁩  [ ]  ⁦क⁩ ⁦ा⁩ ⁦ँ⁩ ⁦च⁩  [ ]  ⁦ख⁩ ⁦ा⁩  [ ]  ⁦स⁩ ⁦क⁩ ⁦त⁩ ⁦ा⁩  [ ]  ⁦ह⁩ ⁦ू⁩ ⁦ँ⁩  ⁦,⁩ [ ]  ⁦म⁩ ⁦ु⁩ ⁦झ⁩ ⁦े⁩  [ ]  ⁦उ⁩ ⁦स⁩  [ ]  ⁦स⁩ ⁦े⁩  [ ]  ⁦क⁩ ⁦ो⁩ ⁦ई⁩  [ ]  ⁦प⁩ ⁦ी⁩ ⁦ड⁩ ⁦ा⁩  [ ]  ⁦न⁩ ⁦ह⁩ ⁦ी⁩ ⁦ं⁩  [ ]  ⁦ह⁩ ⁦ो⁩ ⁦त⁩  [0x0a]  ⁦ந⁩ ⁦ா⁩ ⁦ன⁩ ⁦்⁩  [ ]  ⁦க⁩ ⁦ண⁩ ⁦்⁩ ⁦ண⁩ ⁦ா⁩ ⁦ட⁩ ⁦ி⁩  [ ]  ⁦ச⁩ ⁦ா⁩ ⁦ப⁩ ⁦்⁩ ⁦ப⁩ ⁦ி⁩ ⁦ட⁩ ⁦ு⁩ ⁦வ⁩ ⁦ே⁩ ⁦ன⁩ ⁦்⁩  ⁦,⁩ [ ]  ⁦அ⁩ ⁦த⁩ ⁦ன⁩ ⁦ா⁩ ⁦ல⁩ ⁦்⁩  [ ]  ⁦எ⁩ ⁦ன⁩ ⁦க⁩ ⁦்⁩ ⁦க⁩ ⁦ு⁩  [ ]  ⁦ஒ⁩ ⁦ர⁩ ⁦ு⁩  [ ]  ⁦க⁩ ⁦ே⁩ ⁦ட⁩ ⁦ு⁩ ⁦ம⁩ ⁦்⁩  [ ]  ⁦வ⁩ ⁦ர⁩ ⁦ா⁩ ⁦த⁩  [0x0a]  ⁦ﻢ⁩ ⁦ﯾ⁩ ⁦ں⁩  [ ]  ⁦ﮎ⁩ ⁦ﺎ⁩ ⁦ﻨ⁩ ⁦ﭼ⁩  [ ]  ⁦ﮎ⁩ ⁦ھ⁩ ⁦ﺍ⁩  [ ]  ⁦ﺲ⁩ ⁦ﮑ⁩ ⁦ﺗ⁩ ⁦ﺍ⁩  [ ]  ⁦ہ⁩ ⁦ﻭ⁩ ⁦ں⁩  [ ]  ⁦ﺍ⁩ ⁦ﻭ⁩ ⁦ﺭ⁩  [ ]  ⁦ﻢ⁩ ⁦ﺟ⁩ ⁦ھ⁩ ⁦ے⁩  [ ]  ⁦ﺖ⁩ ⁦ﮑ⁩ ⁦ﻠ⁩ ⁦ﯿ⁩ ⁦ﻓ⁩  [ ]  ⁦ﻥ⁩ ⁦ہ⁩ ⁦ﯼ⁩ ⁦ں⁩  [ ]  ⁦ہ⁩ ⁦ﻮ⁩ ⁦ﺘ⁩ ⁦ﯾ⁩  [ ] [0x0a]  ⁦ﺰ⁩ ⁦ﻫ⁩  [ ]  ⁦ﺶ⁩ ⁦ﻴ⁩ ⁦ﺸ⁩ ⁦ﻫ⁩  [ ]  ⁦ﺥ⁩ ⁦ﻭ⁩ ⁦ړ⁩ ⁦ﻝ⁩ ⁦ې⁩  [ ]  ⁦ﺶ⁩ ⁦ﻣ⁩  ⁦،⁩ [ ]  ⁦ﻪ⁩ ⁦ﻐ⁩ ⁦ﻫ⁩  [ ]  ⁦ﻡ⁩ ⁦ﺍ⁩  [ ]  ⁦ﻦ⁩ ⁦ﻫ⁩  [ ]  ⁦ﺥ⁩ ⁦ﻭ⁩ ⁦ږ⁩ ⁦ﻮ⁩ ⁦ﻳ⁩  [0x0a]  
Breaks:     c    c    lc   c c    lc   c c    lc c c   c  c   lc c   c    lc   c    lc   c c c    lc   c c       Lc     c    lc     c c    lc   c    lc c c   c    lc     c  c   lc   c   c    lc c c    lc   c    lc   c c    lc   c   c    lc c     c    lc   c c       Lc   c   c    lc c   c   c   c    lc   c   c   c   c   c   c  c   lc c c   c   c    lc c c   c   c    lc c   c    lc   c   c   c    lc c   c c       Lc c c c    lc c c c c    lc c c c    lc c c c c    lc c c c    lc c c c    lc c c c c    lc c c c c c    lc c c c c    lc c c c c    c      Lc c c    lc c c c c    lc c c c c c    lc c c  c   lc c c c    lc c c    lc c c    lc c c c c c       Lc
Whitespace:      x           x           x                x          x         x             x           w              x             x         x             x              x            x         x         x           x             x             x           w                x                   x                                x                x                 x           x                 x             w              x             x           x             x           x           x             x               x             x             x    w           x             x               x            x          x         x         x               w       w 
Sentences:  bs                                                                                           e       bs                                                                                                                                               e       bs                                                                                                                                           e       bs                                                                                                                               e           bs                                                                                             e       b 
Words:      bs   be   bs     be   bs     be   bs       be b   bs     be   bs   be   bs       be   bs     be      bs     be   bs       be   bs   be   bs       be   bs     be b   bs       be   bs   be   bs   be   bs     be   bs       be   bs       be   bs     be      bs       be   bs             be   bs                       be b   bs           be   bs           be   bs     be   bs           be   bs       be      bs     be   bs       be   bs     be   bs       be   bs     be   bs     be   bs       be   bs         be   bs       be   bs       be   b      bs   be   bs       be   bs         be   bs   be b   bs     be   bs   be   bs   be   bs         be      b 
Graphemes:  b    b    b    b b    b    b b    b  b b   b  b   b  b   b    b    b    b    b b b    b    b b       b      b    b      b b    b    b    b  b b   b    b      b  b   b    b   b    b  b b    b    b    b    b b    b    b   b    b  b     b    b    b b       b    b   b    b  b   b   b   b    b    b   b   b   b   b   b  b   b  b b   b   b    b  b b   b   b    b  b   b    b    b   b   b    b  b   b b       b  b b b    b  b b b b    b  b b b    b  b b b b    b  b b b    b  b b b    b  b b b b    b  b b b b b    b  b b b b    b  b b b b    b      b  b b    b  b b b b    b  b b b b b    b  b b  b   b  b b b    b  b b    b  b b    b  b b b b b       b 
Hyphens:       i         i i         i i         i i i           i i         i         i i i         i i            i i         i i i         i         i i i         i i           i i i         i         i         i i         i i i         i i i         i i            i i i         i i i i i i         i i i i i i i i i i i           i i i i i         i i i i i         i i         i i i i i         i i i            i i         i i i         i i         i i i         i i         i i         i i i         i i i i         i i i         i i i                i         i i i         i i i i         i           i i         i         i         i i i i           
