Text:         a b c  /  d e f  [ ]  g h i [0xad]  j k l  . [ ]  B l a  [0x0a] 
Breaks:     c  c c c  lc c c c    lc c c c      lc c c c  c   lc c c c       c
Whitespace:                  x                            x          w       w
Words:      bs     be bs     be   bs                   be b   bs     be      b
Sentences:  bs                                            e   bs     e       b
