Text:         ⁦a⁩  [ ]  ⁦f⁩ ⁦i⁩ ⁦l⁩ ⁦e⁩  ⁦:⁩ ⁦/⁩ ⁦/⁩ ⁦/⁩  ⁦h⁩ ⁦o⁩ ⁦/⁩   ⁦b⁩ ⁦o⁩ ⁦-⁩ ⁦m⁩ ⁦o⁩ ⁦/⁩   ⁦B⁩ ⁦l⁩ ⁦a⁩  ⁦-⁩  ⁦t⁩ ⁦x⁩ ⁦t⁩  [ ]  ⁦f⁩ ⁦i⁩ ⁦l⁩ ⁦e⁩  [0x0a]  
Breaks:     c  c    lc c c c c  c c c lc c c lc  c c c c c lc  c c c  lc c c c    lc c c c c       Lc
Whitespace:    x                                                             x             w       w 
Sentences:  bs                                                                             e       b 
Words:      bs be   bs       be b b b bs     bse           bse     be bs     be   bs       be      b 
Graphemes:  b  b    b  b b b b  b b b b  b b b   b b b b b b   b b b  b  b b b    b  b b b b       b 
Hyphens:               i i i             i       i     i       i i       i i         i i i           
