Text:         ⁦a⁩  [ ]  ⁦a⁩ ⁦b⁩ [0x200b]  ⁦s⁩ ⁦p⁩ [0x200b] [ ] [ ]  ⁦d⁩ ⁦e⁩ [0xad]  ⁦f⁩ ⁦g⁩  [ ]  ⁦b⁩  [0x0a]  
Breaks:     c  c    lc c c        lc c c        c   c   lc c c      lc c c    lc c       Lc
Whitespace:    x                                x   x                    x       w       w 
Sentences:  bs                                                                   e       b 
Words:      bs be   bs                                                   be   bs be      b 
Graphemes:  b  b    b  b b        b  b b        b   b   b  b b      b  b b    b  b       b 
Hyphens:               i i           i i                   i i      i  i                   
