Text:         g o r i l Â· l e s  [0x0a] 
Breaks:     c  c c c c c c c c c       c
Whitespace:                    w       w
Words:      bs         e s     be      b
Sentences:  bs                 e       b
